// Jest Snapshot v1, https://goo.gl/fbAQLP

exports[`<StreakTracking /> renders correctly 1`] = `
<View
  style={
    {
      "alignItems": "center",
      "justifyContent": "center",
      "padding": 16,
    }
  }
>
  <View
    collapsable={false}
    style={
      {
        "backgroundColor": "rgba(247, 243, 249, 1)",
        "borderRadius": 12,
        "shadowColor": "#000",
        "shadowOffset": {
          "height": 1,
          "width": 0,
        },
        "shadowOpacity": 0.15,
        "shadowRadius": 3,
      }
    }
    testID="card-container-outer-layer"
  >
    <View
      collapsable={false}
      style={
        {
          "backgroundColor": "rgba(247, 243, 249, 1)",
          "borderRadius": 12,
          "elevation": 1,
          "flex": undefined,
          "shadowColor": "#000",
          "shadowOffset": {
            "height": 1,
            "width": 0,
          },
          "shadowOpacity": 0.3,
          "shadowRadius": 1,
        }
      }
      testID="card-container"
    >
      <View
        style={
          [
            {
              "flexShrink": 1,
            },
            undefined,
          ]
        }
        testID="card"
      >
        <View
          borderRadiusStyles={{}}
          style={
            [
              {
                "paddingHorizontal": 16,
              },
              {
                "paddingVertical": 16,
              },
              {
                "alignItems": "center",
                "color": "black",
                "flexDirection": "row",
              },
            ]
          }
        >
          <Text
            style={
              [
                {
                  "color": "rgba(28, 27, 31, 1)",
                },
                {
                  "textAlign": "left",
                },
                [
                  {
                    "textAlign": "left",
                  },
                  {
                    "color": "rgba(28, 27, 31, 0.87)",
                    "writingDirection": "ltr",
                  },
                  [
                    {
                      "fontSize": 20,
                      "letterSpacing": 0.15,
                      "lineHeight": 30,
                      "marginVertical": 2,
                    },
                    undefined,
                  ],
                ],
              ]
            }
          >
            ðŸŽ‰
            32
          </Text>
        </View>
      </View>
    </View>
  </View>
</View>
`;
